[INFO] Scanning for projects...
[INFO] 
[INFO] -----------------< com.qiniuyun:novel-script-backend >------------------
[INFO] Building novel-script-backend 0.0.1-SNAPSHOT
[INFO]   from pom.xml
[INFO] --------------------------------[ jar ]---------------------------------
[INFO] 
[INFO] >>> spring-boot:3.3.6:run (default-cli) > test-compile @ novel-script-backend >>>
[INFO] 
[INFO] --- resources:3.3.1:resources (default-resources) @ novel-script-backend ---
[INFO] Copying 1 resource from src\main\resources to target\classes
[INFO] Copying 2 resources from src\main\resources to target\classes
[INFO] 
[INFO] --- compiler:3.13.0:compile (default-compile) @ novel-script-backend ---
[INFO] Nothing to compile - all classes are up to date.
[INFO] 
[INFO] --- resources:3.3.1:testResources (default-testResources) @ novel-script-backend ---
[INFO] Copying 1 resource from src\test\resources to target\test-classes
[INFO] 
[INFO] --- compiler:3.13.0:testCompile (default-testCompile) @ novel-script-backend ---
[INFO] Nothing to compile - all classes are up to date.
[INFO] 
[INFO] <<< spring-boot:3.3.6:run (default-cli) < test-compile @ novel-script-backend <<<
[INFO] 
[INFO] 
[INFO] --- spring-boot:3.3.6:run (default-cli) @ novel-script-backend ---
[INFO] Attaching agents: []

  .   ____          _            __ _ _
 /\\ / ___'_ __ _ _(_)_ __  __ _ \ \ \ \
( ( )\___ | '_ | '_| | '_ \/ _` | \ \ \ \
 \\/  ___)| |_)| | | | | || (_| |  ) ) ) )
  '  |____| .__|_| |_|_| |_\__, | / / / /
 =========|_|==============|___/=/_/_/_/

 :: Spring Boot ::                (v3.3.6)

2026-06-06T10:23:43.171+08:00  INFO 26712 --- [novel-script-backend] [           main] c.q.novelscript.NovelScriptApplication   : Starting NovelScriptApplication using Java 17.0.17 with PID 26712 (D:\xm\qiniuyun\backend\target\classes started by 31522 in D:\xm\qiniuyun\backend)
2026-06-06T10:23:43.172+08:00  INFO 26712 --- [novel-script-backend] [           main] c.q.novelscript.NovelScriptApplication   : No active profile set, falling back to 1 default profile: "default"
2026-06-06T10:23:43.566+08:00  WARN 26712 --- [novel-script-backend] [           main] o.m.s.mapper.ClassPathMapperScanner      : No MyBatis mapper was found in '[com.qiniuyun.novelscript]' package. Please check your configuration.
2026-06-06T10:23:43.836+08:00  INFO 26712 --- [novel-script-backend] [           main] o.s.b.w.embedded.tomcat.TomcatWebServer  : Tomcat initialized with port 8080 (http)
2026-06-06T10:23:43.845+08:00  INFO 26712 --- [novel-script-backend] [           main] o.apache.catalina.core.StandardService   : Starting service [Tomcat]
2026-06-06T10:23:43.845+08:00  INFO 26712 --- [novel-script-backend] [           main] o.apache.catalina.core.StandardEngine    : Starting Servlet engine: [Apache Tomcat/10.1.33]
2026-06-06T10:23:43.882+08:00  INFO 26712 --- [novel-script-backend] [           main] o.a.c.c.C.[Tomcat].[localhost].[/]       : Initializing Spring embedded WebApplicationContext
2026-06-06T10:23:43.883+08:00  INFO 26712 --- [novel-script-backend] [           main] w.s.c.ServletWebServerApplicationContext : Root WebApplicationContext: initialization completed in 681 ms
 _ _   |_  _ _|_. ___ _ |    _ 
| | |\/|_)(_| | |_\  |_)||_|_\ 
     /               |         
                        3.5.16 
2026-06-06T10:23:44.205+08:00  INFO 26712 --- [novel-script-backend] [           main] com.zaxxer.hikari.HikariDataSource       : HikariPool-1 - Starting...
2026-06-06T10:23:44.297+08:00  INFO 26712 --- [novel-script-backend] [           main] com.zaxxer.hikari.pool.HikariPool        : HikariPool-1 - Added connection com.mysql.cj.jdbc.ConnectionImpl@49cd946c
2026-06-06T10:23:44.298+08:00  INFO 26712 --- [novel-script-backend] [           main] com.zaxxer.hikari.HikariDataSource       : HikariPool-1 - Start completed.
2026-06-06T10:23:44.324+08:00  INFO 26712 --- [novel-script-backend] [           main] m.e.s.MybatisPlusApplicationContextAware : Register ApplicationContext instances org.springframework.boot.web.servlet.context.AnnotationConfigServletWebServerApplicationContext@46271dd6
2026-06-06T10:23:44.359+08:00  WARN 26712 --- [novel-script-backend] [           main] ConfigServletWebServerApplicationContext : Exception encountered during context initialization - cancelling refresh attempt: org.springframework.context.ApplicationContextException: Failed to start bean 'webServerStartStop'
2026-06-06T10:23:44.360+08:00  INFO 26712 --- [novel-script-backend] [           main] com.zaxxer.hikari.HikariDataSource       : HikariPool-1 - Shutdown initiated...
2026-06-06T10:23:44.364+08:00  INFO 26712 --- [novel-script-backend] [           main] com.zaxxer.hikari.HikariDataSource       : HikariPool-1 - Shutdown completed.
2026-06-06T10:23:44.373+08:00  INFO 26712 --- [novel-script-backend] [           main] .s.b.a.l.ConditionEvaluationReportLogger : 

Error starting ApplicationContext. To display the condition evaluation report re-run your application with 'debug' enabled.
2026-06-06T10:23:44.382+08:00 ERROR 26712 --- [novel-script-backend] [           main] o.s.b.d.LoggingFailureAnalysisReporter   : 

***************************
APPLICATION FAILED TO START
***************************

Description:

Web server failed to start. Port 8080 was already in use.

Action:

Identify and stop the process that's listening on port 8080 or configure this application to listen on another port.

[INFO] ------------------------------------------------------------------------
[INFO] BUILD FAILURE
[INFO] ------------------------------------------------------------------------
[INFO] Total time:  3.246 s
[INFO] Finished at: 2026-06-06T10:23:44+08:00
[INFO] ------------------------------------------------------------------------
[ERROR] Failed to execute goal org.springframework.boot:spring-boot-maven-plugin:3.3.6:run (default-cli) on project novel-script-backend: Process terminated with exit code: 1 -> [Help 1]
[ERROR] 
[ERROR] To see the full stack trace of the errors, re-run Maven with the -e switch.
[ERROR] Re-run Maven using the -X switch to enable full debug logging.
[ERROR] 
[ERROR] For more information about the errors and possible solutions, please read the following articles:
[ERROR] [Help 1] http://cwiki.apache.org/confluence/display/MAVEN/MojoExecutionException
